// Jest Snapshot v1, https://goo.gl/fbAQLP

exports[`Calendar section Should render match with snapshot. 1`] = `
<div>
  <div
    class="css-508rrl"
  >
    <div
      class="css-2va3dn"
    >
      <section
        class="css-11y58fl"
      >
        <div>
          Calendar Events
        </div>
      </section>
    </div>
    <div
      class="css-1xutgd3"
    >
      <div>
        CardPayment
      </div>
    </div>
  </div>
</div>
`;
